###############################################################################
#
# IAR ELF Linker V8.50.1.245/W32 for ARM                  22/Mar/2020  17:53:10
# Copyright 2007-2020 IAR Systems AB.
#
#    Output file  =
#        D:\Tech\Code\STM32_DISCOVERY\Debug\Exe\stm32f0Discovery.out
#    Map file     =
#        D:\Tech\Code\STM32_DISCOVERY\Debug\List\stm32f0Discovery.map
#    Command line =
#        -f C:\Users\qvdang\AppData\Local\Temp\EWB327.tmp
#        (D:\Tech\Code\STM32_DISCOVERY\Debug\Obj\main.o
#        D:\Tech\Code\STM32_DISCOVERY\Debug\Obj\stm32f0xx_adc.o
#        D:\Tech\Code\STM32_DISCOVERY\Debug\Obj\stm32f0xx_can.o
#        D:\Tech\Code\STM32_DISCOVERY\Debug\Obj\stm32f0xx_cec.o
#        D:\Tech\Code\STM32_DISCOVERY\Debug\Obj\stm32f0xx_comp.o
#        D:\Tech\Code\STM32_DISCOVERY\Debug\Obj\stm32f0xx_crc.o
#        D:\Tech\Code\STM32_DISCOVERY\Debug\Obj\stm32f0xx_crs.o
#        D:\Tech\Code\STM32_DISCOVERY\Debug\Obj\stm32f0xx_dac.o
#        D:\Tech\Code\STM32_DISCOVERY\Debug\Obj\stm32f0xx_dbgmcu.o
#        D:\Tech\Code\STM32_DISCOVERY\Debug\Obj\stm32f0xx_dma.o
#        D:\Tech\Code\STM32_DISCOVERY\Debug\Obj\stm32f0xx_exti.o
#        D:\Tech\Code\STM32_DISCOVERY\Debug\Obj\stm32f0xx_flash.o
#        D:\Tech\Code\STM32_DISCOVERY\Debug\Obj\stm32f0xx_gpio.o
#        D:\Tech\Code\STM32_DISCOVERY\Debug\Obj\stm32f0xx_i2c.o
#        D:\Tech\Code\STM32_DISCOVERY\Debug\Obj\stm32f0xx_iwdg.o
#        D:\Tech\Code\STM32_DISCOVERY\Debug\Obj\stm32f0xx_misc.o
#        D:\Tech\Code\STM32_DISCOVERY\Debug\Obj\stm32f0xx_pwr.o
#        D:\Tech\Code\STM32_DISCOVERY\Debug\Obj\stm32f0xx_rcc.o
#        D:\Tech\Code\STM32_DISCOVERY\Debug\Obj\stm32f0xx_rtc.o
#        D:\Tech\Code\STM32_DISCOVERY\Debug\Obj\stm32f0xx_spi.o
#        D:\Tech\Code\STM32_DISCOVERY\Debug\Obj\stm32f0xx_syscfg.o
#        D:\Tech\Code\STM32_DISCOVERY\Debug\Obj\stm32f0xx_tim.o
#        D:\Tech\Code\STM32_DISCOVERY\Debug\Obj\stm32f0xx_usart.o
#        D:\Tech\Code\STM32_DISCOVERY\Debug\Obj\stm32f0xx_wwdg.o
#        D:\Tech\Code\STM32_DISCOVERY\Debug\Obj\system_stm32f0xx.o
#        --no_out_extension -o
#        D:\Tech\Code\STM32_DISCOVERY\Debug\Exe\stm32f0Discovery.out --redirect
#        _Printf=_PrintfFullNoMb --redirect _Scanf=_ScanfFullNoMb --map
#        D:\Tech\Code\STM32_DISCOVERY\Debug\List\stm32f0Discovery.map --config
#        "C:\Program Files (x86)\IAR Systems\Embedded Workbench
#        8.4\arm\config\linker\ST\stm32f051x8.icf" --semihosting --entry
#        __iar_program_start --vfe --text_out locale)
#
###############################################################################

*******************************************************************************
*** RUNTIME MODEL ATTRIBUTES
***

CppFlavor       = *
__SystemLibrary = DLib
__dlib_version  = 6


*******************************************************************************
*** HEAP SELECTION
***

The basic heap was selected because some modules are built with
size limitations (and not runtime checking), and --advanced_heap
was not specified.


*******************************************************************************
*** PLACEMENT SUMMARY
***

"A0":  place at address 0x800'0000 { ro section .intvec };
"P1":  place in [from 0x800'0000 to 0x800'ffff] { ro };
define block CSTACK with size = 2K, alignment = 8 { };
define block HEAP with size = 2K, alignment = 8 { };
"P2":  place in [from 0x2000'0000 to 0x2000'1fff] {
          rw, block CSTACK, block HEAP };

No sections matched the following patterns:

  rw  in "P2"


  Section   Kind         Address   Size  Object
  -------   ----         -------   ----  ------
"A0":                              0x40
  .intvec   ro code   0x800'0000   0x40  vector_table_M.o [3]
                    - 0x800'0040   0x40

"P1":                             0x17c
  .text     ro code   0x800'0040  0x122  main.o [1]
  .text     ro code   0x800'0162    0x2  vector_table_M.o [3]
  .text     ro code   0x800'0164   0x1e  cmain.o [3]
  .text     ro code   0x800'0182    0x4  low_level_init.o [2]
  .text     ro code   0x800'0186    0x8  exit.o [2]
  .text     ro code   0x800'0190    0xa  cexit.o [3]
  .text     ro code   0x800'019c   0x14  exit.o [4]
  .text     ro code   0x800'01b0    0xc  cstartup_M.o [3]
                    - 0x800'01bc  0x17c

"P2":                             0x800
  CSTACK             0x2000'0000  0x800  <Block>
    CSTACK  uninit   0x2000'0000  0x800  <Block tail>
                   - 0x2000'0800  0x800

Unused ranges:

         From           To    Size
         ----           --    ----
   0x800'01bc   0x800'ffff  0xfe44
  0x2000'0800  0x2000'1fff  0x1800



*******************************************************************************
*** MODULE SUMMARY
***

    Module            ro code  rw data
    ------            -------  -------
command line/config:
    ----------------------------------
    Total:

D:\Tech\Code\STM32_DISCOVERY\Debug\Obj: [1]
    main.o                290
    ----------------------------------
    Total:                290

dl6M_tln.a: [2]
    exit.o                  8
    low_level_init.o        4
    ----------------------------------
    Total:                 12

rt6M_tl.a: [3]
    cexit.o                10
    cmain.o                30
    cstartup_M.o           12
    vector_table_M.o       66
    ----------------------------------
    Total:                118

shb_l.a: [4]
    exit.o                 20
    ----------------------------------
    Total:                 20

    Gaps                    4
    Linker created               2'048
--------------------------------------
    Grand Total:          444    2'048


*******************************************************************************
*** ENTRY LIST
***

Entry                       Address  Size  Type      Object
-----                       -------  ----  ----      ------
?main                    0x800'0165        Code  Gb  cmain.o [3]
CSTACK$$Base            0x2000'0000         --   Gb  - Linker created -
CSTACK$$Limit           0x2000'0800         --   Gb  - Linker created -
Led_off                  0x800'0099  0x2c  Code  Gb  main.o [1]
Led_on                   0x800'006d  0x2c  Code  Gb  main.o [1]
Region$$Table$$Base             0x0         --   Gb  - Linker created -
Region$$Table$$Limit            0x0         --   Gb  - Linker created -
__ICFEDIT_region_RAM_end__ {Abs}
                        0x2000'1fff        Data  Gb  <internal module>
__ICFEDIT_region_RAM_start__ {Abs}
                        0x2000'0000        Data  Gb  <internal module>
__cmain                  0x800'0165        Code  Gb  cmain.o [3]
__exit                   0x800'019d  0x14  Code  Gb  exit.o [4]
__iar_program_start      0x800'01b1        Code  Gb  cstartup_M.o [3]
__low_level_init         0x800'0183   0x4  Code  Gb  low_level_init.o [2]
__vector_table           0x800'0000        Data  Gb  vector_table_M.o [3]
_call_main               0x800'0171        Code  Gb  cmain.o [3]
_exit                    0x800'0191        Code  Gb  cexit.o [3]
_main                    0x800'017f        Code  Gb  cmain.o [3]
button                   0x800'0117  0x24  Code  Gb  main.o [1]
delay                    0x800'00c5  0x10  Code  Gb  main.o [1]
executing                0x800'00d5  0x42  Code  Gb  main.o [1]
exit                     0x800'0187   0x8  Code  Gb  exit.o [2]
gpio_init                0x800'0041  0x2c  Code  Gb  main.o [1]
main                     0x800'0151  0x12  Code  Gb  main.o [1]


[1] = D:\Tech\Code\STM32_DISCOVERY\Debug\Obj
[2] = dl6M_tln.a
[3] = rt6M_tl.a
[4] = shb_l.a

    444 bytes of readonly  code memory
  2'048 bytes of readwrite data memory

Errors: none
Warnings: none
